Baseline exported from b2311aa to /private/tmp/fundscope-etf-baseline-xaif9_p9
FFF                                                                      [100%]
=================================== FAILURES ===================================
_ test_research_replay_cannot_write_production_decision_or_notification_state __
tests/test_etf_pit_replay_input_loader.py:265: in test_research_replay_cannot_write_production_decision_or_notification_state
    stage_a = await run_stage_a_loader_job(
app/services/strategy_lab/etf_ranking_stage_a.py:1341: in run_stage_a_loader_job
    snapshot = await loader(
E   TypeError: load_point_in_time_etf_decision_inputs() missing 1 required keyword-only argument: 'required_history_sessions'
---------------------------- Captured stderr setup -----------------------------
2026-09-10 15:09:17,244 INFO apscheduler.scheduler Adding job tentatively -- it will be properly scheduled when the scheduler starts
2026-09-10 15:09:17,244 INFO apscheduler.scheduler Adding job tentatively -- it will be properly scheduled when the scheduler starts
2026-09-10 15:09:17,244 INFO apscheduler.scheduler Adding job tentatively -- it will be properly scheduled when the scheduler starts
2026-09-10 15:09:17,244 INFO apscheduler.scheduler Adding job tentatively -- it will be properly scheduled when the scheduler starts
2026-09-10 15:09:17,245 INFO apscheduler.scheduler Adding job tentatively -- it will be properly scheduled when the scheduler starts
2026-09-10 15:09:17,245 INFO apscheduler.scheduler Adding job tentatively -- it will be properly scheduled when the scheduler starts
2026-09-10 15:09:17,245 INFO apscheduler.scheduler Adding job tentatively -- it will be properly scheduled when the scheduler starts
2026-09-10 15:09:17,245 INFO apscheduler.scheduler Adding job tentatively -- it will be properly scheduled when the scheduler starts
2026-09-10 15:09:17,245 INFO apscheduler.scheduler Adding job tentatively -- it will be properly scheduled when the scheduler starts
2026-09-10 15:09:17,245 INFO apscheduler.scheduler Adding job tentatively -- it will be properly scheduled when the scheduler starts
2026-09-10 15:09:17,245 INFO apscheduler.scheduler Adding job tentatively -- it will be properly scheduled when the scheduler starts
2026-09-10 15:09:17,245 INFO apscheduler.scheduler Adding job tentatively -- it will be properly scheduled when the scheduler starts
2026-09-10 15:09:17,245 INFO apscheduler.scheduler Adding job tentatively -- it will be properly scheduled when the scheduler starts
2026-09-10 15:09:17,245 INFO apscheduler.scheduler Adding job tentatively -- it will be properly scheduled when the scheduler starts
2026-09-10 15:09:17,246 INFO apscheduler.scheduler Adding job tentatively -- it will be properly scheduled when the scheduler starts
2026-09-10 15:09:17,246 INFO apscheduler.scheduler Adding job tentatively -- it will be properly scheduled when the scheduler starts
2026-09-10 15:09:17,246 INFO apscheduler.scheduler Adding job tentatively -- it will be properly scheduled when the scheduler starts
2026-09-10 15:09:17,246 INFO apscheduler.scheduler Adding job tentatively -- it will be properly scheduled when the scheduler starts
2026-09-10 15:09:17,246 INFO apscheduler.scheduler Adding job tentatively -- it will be properly scheduled when the scheduler starts
2026-09-10 15:09:17,246 INFO apscheduler.scheduler Adding job tentatively -- it will be properly scheduled when the scheduler starts
2026-09-10 15:09:17,246 INFO apscheduler.scheduler Adding job tentatively -- it will be properly scheduled when the scheduler starts
2026-09-10 15:09:17,246 INFO apscheduler.scheduler Adding job tentatively -- it will be properly scheduled when the scheduler starts
2026-09-10 15:09:17,246 INFO apscheduler.scheduler Adding job tentatively -- it will be properly scheduled when the scheduler starts
2026-09-10 15:09:17,246 INFO apscheduler.scheduler Adding job tentatively -- it will be properly scheduled when the scheduler starts
2026-09-10 15:09:17,246 INFO apscheduler.scheduler Adding job tentatively -- it will be properly scheduled when the scheduler starts
2026-09-10 15:09:17,247 INFO apscheduler.scheduler Adding job tentatively -- it will be properly scheduled when the scheduler starts
2026-09-10 15:09:17,247 INFO apscheduler.scheduler Adding job tentatively -- it will be properly scheduled when the scheduler starts
2026-09-10 15:09:17,247 INFO apscheduler.scheduler Adding job tentatively -- it will be properly scheduled when the scheduler starts
2026-09-10 15:09:17,247 INFO apscheduler.scheduler Adding job tentatively -- it will be properly scheduled when the scheduler starts
2026-09-10 15:09:17,247 INFO apscheduler.scheduler Adding job tentatively -- it will be properly scheduled when the scheduler starts
2026-09-10 15:09:17,247 INFO apscheduler.scheduler Adding job tentatively -- it will be properly scheduled when the scheduler starts
2026-09-10 15:09:17,247 INFO apscheduler.scheduler Adding job tentatively -- it will be properly scheduled when the scheduler starts
2026-09-10 15:09:17,247 INFO apscheduler.scheduler Adding job tentatively -- it will be properly scheduled when the scheduler starts
_________ test_replay_outputs_and_checkpoint_commit_in_one_transaction _________
tests/test_etf_action_replay_artifact_store.py:208: in test_replay_outputs_and_checkpoint_commit_in_one_transaction
    assert store.artifact_counts("run-store") == {
E   AssertionError: assert {'checkpoints...ures': 0, ...} == {'checkpoints...ures': 0, ...}
E
E     Omitting 7 identical items, use -vv to show
E     Left contains 1 more item:
E     {'research': 0}
E     Use -v to get more diff
_________ test_sql_failure_rolls_back_outputs_and_checkpoint_together __________
tests/test_etf_action_replay_artifact_store.py:288: in test_sql_failure_rolls_back_outputs_and_checkpoint_together
    assert store.artifact_counts("run-store") == {
E   AssertionError: assert {'checkpoints...ures': 0, ...} == {'checkpoints...ures': 0, ...}
E
E     Omitting 7 identical items, use -vv to show
E     Left contains 1 more item:
E     {'research': 0}
E     Use -v to get more diff
=========================== short test summary info ============================
FAILED tests/test_etf_pit_replay_input_loader.py::test_research_replay_cannot_write_production_decision_or_notification_state
FAILED tests/test_etf_action_replay_artifact_store.py::test_replay_outputs_and_checkpoint_commit_in_one_transaction
FAILED tests/test_etf_action_replay_artifact_store.py::test_sql_failure_rolls_back_outputs_and_checkpoint_together
3 failed, 100 warnings in 0.31s
